---
source: crates/lcw-adapter-ts/tests/golden.rs
expression: graph.export()
---
{
  "files": [
    "src/app.ts"
  ],
  "nodes": [
    {
      "id": 0,
      "name": "scale",
      "qualified_name": "app::scale",
      "module_path": "app",
      "kind": "function",
      "span": {
        "file": 0,
        "start_line": 2,
        "start_col": 21,
        "end_line": 2,
        "end_col": 49
      },
      "flags": {
        "is_pub": true,
        "is_async": false,
        "is_unsafe": false,
        "is_test": false,
        "is_method": false,
        "is_generic": false
      },
      "stats": {
        "lines_of_code": 1,
        "decision_points": 0,
        "parameters": 1,
        "statements": 0,
        "max_nesting": 0,
        "returns": 0,
        "unsafe_blocks": 0,
        "allocations": 0,
        "awaits": 0
      }
    },
    {
      "id": 1,
      "name": "add",
      "qualified_name": "app::Calc::add",
      "module_path": "app::Calc",
      "kind": "method",
      "span": {
        "file": 0,
        "start_line": 7,
        "start_col": 4,
        "end_line": 10,
        "end_col": 5
      },
      "flags": {
        "is_pub": true,
        "is_async": false,
        "is_unsafe": false,
        "is_test": false,
        "is_method": true,
        "is_generic": false
      },
      "stats": {
        "lines_of_code": 4,
        "decision_points": 0,
        "parameters": 1,
        "statements": 1,
        "max_nesting": 0,
        "returns": 1,
        "unsafe_blocks": 0,
        "allocations": 0,
        "awaits": 0
      }
    },
    {
      "id": 2,
      "name": "classify",
      "qualified_name": "app::Calc::classify",
      "module_path": "app::Calc",
      "kind": "method",
      "span": {
        "file": 0,
        "start_line": 12,
        "start_col": 4,
        "end_line": 20,
        "end_col": 5
      },
      "flags": {
        "is_pub": true,
        "is_async": false,
        "is_unsafe": false,
        "is_test": false,
        "is_method": true,
        "is_generic": false
      },
      "stats": {
        "lines_of_code": 9,
        "decision_points": 2,
        "parameters": 0,
        "statements": 0,
        "max_nesting": 2,
        "returns": 3,
        "unsafe_blocks": 0,
        "allocations": 0,
        "awaits": 0
      }
    },
    {
      "id": 3,
      "name": "make",
      "qualified_name": "app::Calc::make",
      "module_path": "app::Calc",
      "kind": "method",
      "span": {
        "file": 0,
        "start_line": 22,
        "start_col": 4,
        "end_line": 24,
        "end_col": 5
      },
      "flags": {
        "is_pub": true,
        "is_async": false,
        "is_unsafe": false,
        "is_test": false,
        "is_method": true,
        "is_generic": false
      },
      "stats": {
        "lines_of_code": 3,
        "decision_points": 0,
        "parameters": 0,
        "statements": 0,
        "max_nesting": 0,
        "returns": 1,
        "unsafe_blocks": 0,
        "allocations": 1,
        "awaits": 0
      }
    },
    {
      "id": 4,
      "name": "sum",
      "qualified_name": "app::sum",
      "module_path": "app",
      "kind": "function",
      "span": {
        "file": 0,
        "start_line": 27,
        "start_col": 0,
        "end_line": 33,
        "end_col": 1
      },
      "flags": {
        "is_pub": false,
        "is_async": false,
        "is_unsafe": false,
        "is_test": false,
        "is_method": false,
        "is_generic": false
      },
      "stats": {
        "lines_of_code": 7,
        "decision_points": 1,
        "parameters": 1,
        "statements": 2,
        "max_nesting": 1,
        "returns": 1,
        "unsafe_blocks": 0,
        "allocations": 0,
        "awaits": 0
      }
    },
    {
      "id": 5,
      "name": "main",
      "qualified_name": "app::main",
      "module_path": "app",
      "kind": "function",
      "span": {
        "file": 0,
        "start_line": 35,
        "start_col": 0,
        "end_line": 38,
        "end_col": 1
      },
      "flags": {
        "is_pub": false,
        "is_async": false,
        "is_unsafe": false,
        "is_test": false,
        "is_method": false,
        "is_generic": false
      },
      "stats": {
        "lines_of_code": 4,
        "decision_points": 0,
        "parameters": 0,
        "statements": 2,
        "max_nesting": 0,
        "returns": 0,
        "unsafe_blocks": 0,
        "allocations": 0,
        "awaits": 0
      }
    },
    {
      "id": 6,
      "name": "Calc",
      "qualified_name": "Calc",
      "module_path": "",
      "kind": "external",
      "span": {
        "file": 0,
        "start_line": 0,
        "start_col": 0,
        "end_line": 0,
        "end_col": 0
      },
      "flags": {
        "is_pub": false,
        "is_async": false,
        "is_unsafe": false,
        "is_test": false,
        "is_method": false,
        "is_generic": false
      },
      "stats": {
        "lines_of_code": 0,
        "decision_points": 0,
        "parameters": 0,
        "statements": 0,
        "max_nesting": 0,
        "returns": 0,
        "unsafe_blocks": 0,
        "allocations": 0,
        "awaits": 0
      }
    },
    {
      "id": 7,
      "name": "log",
      "qualified_name": "log",
      "module_path": "",
      "kind": "external",
      "span": {
        "file": 0,
        "start_line": 0,
        "start_col": 0,
        "end_line": 0,
        "end_col": 0
      },
      "flags": {
        "is_pub": false,
        "is_async": false,
        "is_unsafe": false,
        "is_test": false,
        "is_method": false,
        "is_generic": false
      },
      "stats": {
        "lines_of_code": 0,
        "decision_points": 0,
        "parameters": 0,
        "statements": 0,
        "max_nesting": 0,
        "returns": 0,
        "unsafe_blocks": 0,
        "allocations": 0,
        "awaits": 0
      }
    }
  ],
  "edges": [
    {
      "from": 3,
      "to": 6,
      "kind": "unresolved",
      "call_site": {
        "file": 0,
        "start_line": 23,
        "start_col": 15,
        "end_line": 23,
        "end_col": 25
      },
      "count": 1
    },
    {
      "from": 4,
      "to": 3,
      "kind": "method_call",
      "call_site": {
        "file": 0,
        "start_line": 28,
        "start_col": 14,
        "end_line": 28,
        "end_col": 25
      },
      "count": 1
    },
    {
      "from": 4,
      "to": 1,
      "kind": "method_call",
      "call_site": {
        "file": 0,
        "start_line": 30,
        "start_col": 8,
        "end_line": 30,
        "end_col": 23
      },
      "count": 1
    },
    {
      "from": 4,
      "to": 0,
      "kind": "direct_call",
      "call_site": {
        "file": 0,
        "start_line": 30,
        "start_col": 14,
        "end_line": 30,
        "end_col": 22
      },
      "count": 1
    },
    {
      "from": 5,
      "to": 4,
      "kind": "direct_call",
      "call_site": {
        "file": 0,
        "start_line": 36,
        "start_col": 18,
        "end_line": 36,
        "end_col": 32
      },
      "count": 1
    },
    {
      "from": 5,
      "to": 7,
      "kind": "unresolved",
      "call_site": {
        "file": 0,
        "start_line": 37,
        "start_col": 4,
        "end_line": 37,
        "end_col": 22
      },
      "count": 1
    }
  ]
}
